Archive member included to satisfy reference by file (symbol)

../../libs/k5_uv_system/libuv_k5_system.a(system.cpp.obj)
                              CMakeFiles/pong.dir/main.cpp.obj (System::CopyDataSection())
../../libs/k5_uv_system/libuv_k5_system.a(vtable.s.obj)
                              (VectorTable)
../../libs/k5_uv_system/libuv_k5_system.a(api.s.obj)
                              CMakeFiles/pong.dir/main.cpp.obj (FlushFramebufferToScreen)
/opt/gcc-arm-none-eabi-10.3-2021.10/bin/../lib/gcc/arm-none-eabi/10.3.1/../../../../arm-none-eabi/lib/thumb/v6-m/nofp/libc_nano.a(lib_a-exit.o)
                              /opt/gcc-arm-none-eabi-10.3-2021.10/bin/../lib/gcc/arm-none-eabi/10.3.1/../../../../arm-none-eabi/lib/thumb/v6-m/nofp/crt0.o (exit)
/opt/gcc-arm-none-eabi-10.3-2021.10/bin/../lib/gcc/arm-none-eabi/10.3.1/../../../../arm-none-eabi/lib/thumb/v6-m/nofp/libc_nano.a(lib_a-impure.o)
                              /opt/gcc-arm-none-eabi-10.3-2021.10/bin/../lib/gcc/arm-none-eabi/10.3.1/../../../../arm-none-eabi/lib/thumb/v6-m/nofp/libc_nano.a(lib_a-exit.o) (_global_impure_ptr)
/opt/gcc-arm-none-eabi-10.3-2021.10/bin/../lib/gcc/arm-none-eabi/10.3.1/../../../../arm-none-eabi/lib/thumb/v6-m/nofp/libc_nano.a(lib_a-init.o)
                              /opt/gcc-arm-none-eabi-10.3-2021.10/bin/../lib/gcc/arm-none-eabi/10.3.1/../../../../arm-none-eabi/lib/thumb/v6-m/nofp/crt0.o (__libc_init_array)
/opt/gcc-arm-none-eabi-10.3-2021.10/bin/../lib/gcc/arm-none-eabi/10.3.1/../../../../arm-none-eabi/lib/thumb/v6-m/nofp/libc_nano.a(lib_a-memcpy-stub.o)
                              CMakeFiles/pong.dir/main.cpp.obj (memcpy)
/opt/gcc-arm-none-eabi-10.3-2021.10/bin/../lib/gcc/arm-none-eabi/10.3.1/../../../../arm-none-eabi/lib/thumb/v6-m/nofp/libc_nano.a(lib_a-memset.o)
                              /opt/gcc-arm-none-eabi-10.3-2021.10/bin/../lib/gcc/arm-none-eabi/10.3.1/../../../../arm-none-eabi/lib/thumb/v6-m/nofp/crt0.o (memset)
/opt/gcc-arm-none-eabi-10.3-2021.10/bin/../lib/gcc/arm-none-eabi/10.3.1/../../../../arm-none-eabi/lib/thumb/v6-m/nofp/libc_nano.a(lib_a-strlen.o)
                              CMakeFiles/pong.dir/main.cpp.obj (strlen)
/opt/gcc-arm-none-eabi-10.3-2021.10/bin/../lib/gcc/arm-none-eabi/10.3.1/thumb/v6-m/nofp/libgcc.a(_udivsi3.o)
                              CMakeFiles/pong.dir/main.cpp.obj (__aeabi_uidiv)
/opt/gcc-arm-none-eabi-10.3-2021.10/bin/../lib/gcc/arm-none-eabi/10.3.1/thumb/v6-m/nofp/libgcc.a(_divsi3.o)
                              CMakeFiles/pong.dir/main.cpp.obj (__aeabi_idivmod)
/opt/gcc-arm-none-eabi-10.3-2021.10/bin/../lib/gcc/arm-none-eabi/10.3.1/thumb/v6-m/nofp/libgcc.a(_dvmd_tls.o)
                              /opt/gcc-arm-none-eabi-10.3-2021.10/bin/../lib/gcc/arm-none-eabi/10.3.1/thumb/v6-m/nofp/libgcc.a(_udivsi3.o) (__aeabi_idiv0)
/opt/gcc-arm-none-eabi-10.3-2021.10/bin/../lib/gcc/arm-none-eabi/10.3.1/../../../../arm-none-eabi/lib/thumb/v6-m/nofp/libnosys.a(_exit.o)
                              /opt/gcc-arm-none-eabi-10.3-2021.10/bin/../lib/gcc/arm-none-eabi/10.3.1/../../../../arm-none-eabi/lib/thumb/v6-m/nofp/libc_nano.a(lib_a-exit.o) (_exit)

Discarded input sections

 .text          0x0000000000000000        0x0 /opt/gcc-arm-none-eabi-10.3-2021.10/bin/../lib/gcc/arm-none-eabi/10.3.1/thumb/v6-m/nofp/crti.o
 .data          0x0000000000000000        0x0 /opt/gcc-arm-none-eabi-10.3-2021.10/bin/../lib/gcc/arm-none-eabi/10.3.1/thumb/v6-m/nofp/crti.o
 .bss           0x0000000000000000        0x0 /opt/gcc-arm-none-eabi-10.3-2021.10/bin/../lib/gcc/arm-none-eabi/10.3.1/thumb/v6-m/nofp/crti.o
 .data          0x0000000000000000        0x4 /opt/gcc-arm-none-eabi-10.3-2021.10/bin/../lib/gcc/arm-none-eabi/10.3.1/thumb/v6-m/nofp/crtbegin.o
 .rodata        0x0000000000000000       0x24 /opt/gcc-arm-none-eabi-10.3-2021.10/bin/../lib/gcc/arm-none-eabi/10.3.1/thumb/v6-m/nofp/crtbegin.o
 .text          0x0000000000000000       0x80 /opt/gcc-arm-none-eabi-10.3-2021.10/bin/../lib/gcc/arm-none-eabi/10.3.1/../../../../arm-none-eabi/lib/thumb/v6-m/nofp/crt0.o
 .data          0x0000000000000000        0x0 /opt/gcc-arm-none-eabi-10.3-2021.10/bin/../lib/gcc/arm-none-eabi/10.3.1/../../../../arm-none-eabi/lib/thumb/v6-m/nofp/crt0.o
 .bss           0x0000000000000000        0x0 /opt/gcc-arm-none-eabi-10.3-2021.10/bin/../lib/gcc/arm-none-eabi/10.3.1/../../../../arm-none-eabi/lib/thumb/v6-m/nofp/crt0.o
 .ARM.extab     0x0000000000000000        0x0 /opt/gcc-arm-none-eabi-10.3-2021.10/bin/../lib/gcc/arm-none-eabi/10.3.1/../../../../arm-none-eabi/lib/thumb/v6-m/nofp/crt0.o
 .ARM.exidx     0x0000000000000000       0x10 /opt/gcc-arm-none-eabi-10.3-2021.10/bin/../lib/gcc/arm-none-eabi/10.3.1/../../../../arm-none-eabi/lib/thumb/v6-m/nofp/crt0.o
 .ARM.attributes
                0x0000000000000000       0x1b /opt/gcc-arm-none-eabi-10.3-2021.10/bin/../lib/gcc/arm-none-eabi/10.3.1/../../../../arm-none-eabi/lib/thumb/v6-m/nofp/crt0.o
 .group         0x0000000000000000        0x8 CMakeFiles/pong.dir/main.cpp.obj
 .group         0x0000000000000000        0x8 CMakeFiles/pong.dir/main.cpp.obj
 .group         0x0000000000000000        0x8 CMakeFiles/pong.dir/main.cpp.obj
 .group         0x0000000000000000        0x8 CMakeFiles/pong.dir/main.cpp.obj
 .group         0x0000000000000000        0x8 CMakeFiles/pong.dir/main.cpp.obj
 .group         0x0000000000000000        0x8 CMakeFiles/pong.dir/main.cpp.obj
 .group         0x0000000000000000        0x8 CMakeFiles/pong.dir/main.cpp.obj
 .group         0x0000000000000000        0xc CMakeFiles/pong.dir/main.cpp.obj
 .group         0x0000000000000000        0x8 CMakeFiles/pong.dir/main.cpp.obj
 .group         0x0000000000000000        0xc CMakeFiles/pong.dir/main.cpp.obj
 .group         0x0000000000000000        0xc CMakeFiles/pong.dir/main.cpp.obj
 .group         0x0000000000000000        0xc CMakeFiles/pong.dir/main.cpp.obj
 .group         0x0000000000000000        0xc CMakeFiles/pong.dir/main.cpp.obj
 .group         0x0000000000000000        0x8 CMakeFiles/pong.dir/main.cpp.obj
 .text          0x0000000000000000        0x0 CMakeFiles/pong.dir/main.cpp.obj
 .data          0x0000000000000000        0x0 CMakeFiles/pong.dir/main.cpp.obj
 .bss           0x0000000000000000        0x0 CMakeFiles/pong.dir/main.cpp.obj
 .text.startup.main
                0x0000000000000000        0xa CMakeFiles/pong.dir/main.cpp.obj
 .text          0x0000000000000000        0x0 CMakeFiles/pong.dir/hardware/hardware.cpp.obj
 .data          0x0000000000000000        0x0 CMakeFiles/pong.dir/hardware/hardware.cpp.obj
 .bss           0x0000000000000000        0x0 CMakeFiles/pong.dir/hardware/hardware.cpp.obj
 .text._ZN8Hardware6TPower9EnableDbgEv
                0x0000000000000000       0x30 CMakeFiles/pong.dir/hardware/hardware.cpp.obj
 .text._ZN8Hardware7TSystem5DelayEj
                0x0000000000000000       0x1a CMakeFiles/pong.dir/hardware/hardware.cpp.obj
 .text._ZN8Hardware11TFlashLight2OnEv
                0x0000000000000000       0x10 CMakeFiles/pong.dir/hardware/hardware.cpp.obj
 .text._ZN8Hardware11TFlashLight3OffEv
                0x0000000000000000       0x10 CMakeFiles/pong.dir/hardware/hardware.cpp.obj
 .text._ZN8Hardware11TFlashLight6ToggleEv
                0x0000000000000000       0x10 CMakeFiles/pong.dir/hardware/hardware.cpp.obj
 .text._ZN8Hardware11TFlashLight9BlinkSyncEh
                0x0000000000000000       0x28 CMakeFiles/pong.dir/hardware/hardware.cpp.obj
 .comment       0x0000000000000000       0x4a CMakeFiles/pong.dir/hardware/hardware.cpp.obj
 .ARM.attributes
                0x0000000000000000       0x2c CMakeFiles/pong.dir/hardware/hardware.cpp.obj
 .text          0x0000000000000000        0x0 CMakeFiles/pong.dir/dp32g030.s.obj
 .data          0x0000000000000000        0x0 CMakeFiles/pong.dir/dp32g030.s.obj
 .bss           0x0000000000000000        0x0 CMakeFiles/pong.dir/dp32g030.s.obj
 .text.Reset_Handler
                0x0000000000000000       0x10 CMakeFiles/pong.dir/dp32g030.s.obj
 .ARM.attributes
                0x0000000000000000       0x21 CMakeFiles/pong.dir/dp32g030.s.obj
 .org_vectors   0x0000000000000000       0xc0 ../orginal_fw/org_vectors.o
 .org_bootloader
                0x0000000000000000     0x1000 ../orginal_fw/org_bootloader.o
 .text          0x0000000000000000        0x0 ../../libs/k5_uv_system/libuv_k5_system.a(system.cpp.obj)
 .data          0x0000000000000000        0x0 ../../libs/k5_uv_system/libuv_k5_system.a(system.cpp.obj)
 .bss           0x0000000000000000        0x0 ../../libs/k5_uv_system/libuv_k5_system.a(system.cpp.obj)
 .text.__wrap___udivsi3
                0x0000000000000000        0x8 ../../libs/k5_uv_system/libuv_k5_system.a(system.cpp.obj)
 .text          0x0000000000000000        0x0 ../../libs/k5_uv_system/libuv_k5_system.a(vtable.s.obj)
 .data          0x0000000000000000        0x0 ../../libs/k5_uv_system/libuv_k5_system.a(vtable.s.obj)
 .bss           0x0000000000000000        0x0 ../../libs/k5_uv_system/libuv_k5_system.a(vtable.s.obj)
 .text          0x0000000000000000        0x0 ../../libs/k5_uv_system/libuv_k5_system.a(api.s.obj)
 .data          0x0000000000000000        0x0 ../../libs/k5_uv_system/libuv_k5_system.a(api.s.obj)
 .bss           0x0000000000000000        0x0 ../../libs/k5_uv_system/libuv_k5_system.a(api.s.obj)
 .ARM.attributes
                0x0000000000000000       0x1c ../../libs/k5_uv_system/libuv_k5_system.a(api.s.obj)
 .text          0x0000000000000000        0x0 /opt/gcc-arm-none-eabi-10.3-2021.10/bin/../lib/gcc/arm-none-eabi/10.3.1/../../../../arm-none-eabi/lib/thumb/v6-m/nofp/libc_nano.a(lib_a-exit.o)
 .data          0x0000000000000000        0x0 /opt/gcc-arm-none-eabi-10.3-2021.10/bin/../lib/gcc/arm-none-eabi/10.3.1/../../../../arm-none-eabi/lib/thumb/v6-m/nofp/libc_nano.a(lib_a-exit.o)
 .bss           0x0000000000000000        0x0 /opt/gcc-arm-none-eabi-10.3-2021.10/bin/../lib/gcc/arm-none-eabi/10.3.1/../../../../arm-none-eabi/lib/thumb/v6-m/nofp/libc_nano.a(lib_a-exit.o)
 .text.exit     0x0000000000000000       0x2c /opt/gcc-arm-none-eabi-10.3-2021.10/bin/../lib/gcc/arm-none-eabi/10.3.1/../../../../arm-none-eabi/lib/thumb/v6-m/nofp/libc_nano.a(lib_a-exit.o)
 .debug_frame   0x0000000000000000       0x28 /opt/gcc-arm-none-eabi-10.3-2021.10/bin/../lib/gcc/arm-none-eabi/10.3.1/../../../../arm-none-eabi/lib/thumb/v6-m/nofp/libc_nano.a(lib_a-exit.o)
 .ARM.attributes
                0x0000000000000000       0x2c /opt/gcc-arm-none-eabi-10.3-2021.10/bin/../lib/gcc/arm-none-eabi/10.3.1/../../../../arm-none-eabi/lib/thumb/v6-m/nofp/libc_nano.a(lib_a-exit.o)
 .text          0x0000000000000000        0x0 /opt/gcc-arm-none-eabi-10.3-2021.10/bin/../lib/gcc/arm-none-eabi/10.3.1/../../../../arm-none-eabi/lib/thumb/v6-m/nofp/libc_nano.a(lib_a-impure.o)
 .data          0x0000000000000000        0x0 /opt/gcc-arm-none-eabi-10.3-2021.10/bin/../lib/gcc/arm-none-eabi/10.3.1/../../../../arm-none-eabi/lib/thumb/v6-m/nofp/libc_nano.a(lib_a-impure.o)
 .bss           0x0000000000000000        0x0 /opt/gcc-arm-none-eabi-10.3-2021.10/bin/../lib/gcc/arm-none-eabi/10.3.1/../../../../arm-none-eabi/lib/thumb/v6-m/nofp/libc_nano.a(lib_a-impure.o)
 .data._impure_ptr
                0x0000000000000000        0x4 /opt/gcc-arm-none-eabi-10.3-2021.10/bin/../lib/gcc/arm-none-eabi/10.3.1/../../../../arm-none-eabi/lib/thumb/v6-m/nofp/libc_nano.a(lib_a-impure.o)
 .data.impure_data
                0x0000000000000000       0x60 /opt/gcc-arm-none-eabi-10.3-2021.10/bin/../lib/gcc/arm-none-eabi/10.3.1/../../../../arm-none-eabi/lib/thumb/v6-m/nofp/libc_nano.a(lib_a-impure.o)
 .rodata._global_impure_ptr
                0x0000000000000000        0x4 /opt/gcc-arm-none-eabi-10.3-2021.10/bin/../lib/gcc/arm-none-eabi/10.3.1/../../../../arm-none-eabi/lib/thumb/v6-m/nofp/libc_nano.a(lib_a-impure.o)
 .ARM.attributes
                0x0000000000000000       0x2c /opt/gcc-arm-none-eabi-10.3-2021.10/bin/../lib/gcc/arm-none-eabi/10.3.1/../../../../arm-none-eabi/lib/thumb/v6-m/nofp/libc_nano.a(lib_a-impure.o)
 .text          0x0000000000000000        0x0 /opt/gcc-arm-none-eabi-10.3-2021.10/bin/../lib/gcc/arm-none-eabi/10.3.1/../../../../arm-none-eabi/lib/thumb/v6-m/nofp/libc_nano.a(lib_a-init.o)
 .data          0x0000000000000000        0x0 /opt/gcc-arm-none-eabi-10.3-2021.10/bin/../lib/gcc/arm-none-eabi/10.3.1/../../../../arm-none-eabi/lib/thumb/v6-m/nofp/libc_nano.a(lib_a-init.o)
 .bss           0x0000000000000000        0x0 /opt/gcc-arm-none-eabi-10.3-2021.10/bin/../lib/gcc/arm-none-eabi/10.3.1/../../../../arm-none-eabi/lib/thumb/v6-m/nofp/libc_nano.a(lib_a-init.o)
 .text          0x0000000000000000        0x0 /opt/gcc-arm-none-eabi-10.3-2021.10/bin/../lib/gcc/arm-none-eabi/10.3.1/../../../../arm-none-eabi/lib/thumb/v6-m/nofp/libc_nano.a(lib_a-memcpy-stub.o)
 .data          0x0000000000000000        0x0 /opt/gcc-arm-none-eabi-10.3-2021.10/bin/../lib/gcc/arm-none-eabi/10.3.1/../../../../arm-none-eabi/lib/thumb/v6-m/nofp/libc_nano.a(lib_a-memcpy-stub.o)
 .bss           0x0000000000000000        0x0 /opt/gcc-arm-none-eabi-10.3-2021.10/bin/../lib/gcc/arm-none-eabi/10.3.1/../../../../arm-none-eabi/lib/thumb/v6-m/nofp/libc_nano.a(lib_a-memcpy-stub.o)
 .text          0x0000000000000000        0x0 /opt/gcc-arm-none-eabi-10.3-2021.10/bin/../lib/gcc/arm-none-eabi/10.3.1/../../../../arm-none-eabi/lib/thumb/v6-m/nofp/libc_nano.a(lib_a-memset.o)
 .data          0x0000000000000000        0x0 /opt/gcc-arm-none-eabi-10.3-2021.10/bin/../lib/gcc/arm-none-eabi/10.3.1/../../../../arm-none-eabi/lib/thumb/v6-m/nofp/libc_nano.a(lib_a-memset.o)
 .bss           0x0000000000000000        0x0 /opt/gcc-arm-none-eabi-10.3-2021.10/bin/../lib/gcc/arm-none-eabi/10.3.1/../../../../arm-none-eabi/lib/thumb/v6-m/nofp/libc_nano.a(lib_a-memset.o)
 .data          0x0000000000000000        0x0 /opt/gcc-arm-none-eabi-10.3-2021.10/bin/../lib/gcc/arm-none-eabi/10.3.1/../../../../arm-none-eabi/lib/thumb/v6-m/nofp/libc_nano.a(lib_a-strlen.o)
 .bss           0x0000000000000000        0x0 /opt/gcc-arm-none-eabi-10.3-2021.10/bin/../lib/gcc/arm-none-eabi/10.3.1/../../../../arm-none-eabi/lib/thumb/v6-m/nofp/libc_nano.a(lib_a-strlen.o)
 .data          0x0000000000000000        0x0 /opt/gcc-arm-none-eabi-10.3-2021.10/bin/../lib/gcc/arm-none-eabi/10.3.1/thumb/v6-m/nofp/libgcc.a(_udivsi3.o)
 .bss           0x0000000000000000        0x0 /opt/gcc-arm-none-eabi-10.3-2021.10/bin/../lib/gcc/arm-none-eabi/10.3.1/thumb/v6-m/nofp/libgcc.a(_udivsi3.o)
 .text          0x0000000000000000      0x1d4 /opt/gcc-arm-none-eabi-10.3-2021.10/bin/../lib/gcc/arm-none-eabi/10.3.1/thumb/v6-m/nofp/libgcc.a(_divsi3.o)
 .data          0x0000000000000000        0x0 /opt/gcc-arm-none-eabi-10.3-2021.10/bin/../lib/gcc/arm-none-eabi/10.3.1/thumb/v6-m/nofp/libgcc.a(_divsi3.o)
 .bss           0x0000000000000000        0x0 /opt/gcc-arm-none-eabi-10.3-2021.10/bin/../lib/gcc/arm-none-eabi/10.3.1/thumb/v6-m/nofp/libgcc.a(_divsi3.o)
 .debug_frame   0x0000000000000000       0x20 /opt/gcc-arm-none-eabi-10.3-2021.10/bin/../lib/gcc/arm-none-eabi/10.3.1/thumb/v6-m/nofp/libgcc.a(_divsi3.o)
 .ARM.attributes
                0x0000000000000000       0x1e /opt/gcc-arm-none-eabi-10.3-2021.10/bin/../lib/gcc/arm-none-eabi/10.3.1/thumb/v6-m/nofp/libgcc.a(_divsi3.o)
 .data          0x0000000000000000        0x0 /opt/gcc-arm-none-eabi-10.3-2021.10/bin/../lib/gcc/arm-none-eabi/10.3.1/thumb/v6-m/nofp/libgcc.a(_dvmd_tls.o)
 .bss           0x0000000000000000        0x0 /opt/gcc-arm-none-eabi-10.3-2021.10/bin/../lib/gcc/arm-none-eabi/10.3.1/thumb/v6-m/nofp/libgcc.a(_dvmd_tls.o)
 .text          0x0000000000000000        0x0 /opt/gcc-arm-none-eabi-10.3-2021.10/bin/../lib/gcc/arm-none-eabi/10.3.1/../../../../arm-none-eabi/lib/thumb/v6-m/nofp/libnosys.a(_exit.o)
 .data          0x0000000000000000        0x0 /opt/gcc-arm-none-eabi-10.3-2021.10/bin/../lib/gcc/arm-none-eabi/10.3.1/../../../../arm-none-eabi/lib/thumb/v6-m/nofp/libnosys.a(_exit.o)
 .bss           0x0000000000000000        0x0 /opt/gcc-arm-none-eabi-10.3-2021.10/bin/../lib/gcc/arm-none-eabi/10.3.1/../../../../arm-none-eabi/lib/thumb/v6-m/nofp/libnosys.a(_exit.o)
 .text._exit    0x0000000000000000        0x4 /opt/gcc-arm-none-eabi-10.3-2021.10/bin/../lib/gcc/arm-none-eabi/10.3.1/../../../../arm-none-eabi/lib/thumb/v6-m/nofp/libnosys.a(_exit.o)
 .debug_frame   0x0000000000000000       0x20 /opt/gcc-arm-none-eabi-10.3-2021.10/bin/../lib/gcc/arm-none-eabi/10.3.1/../../../../arm-none-eabi/lib/thumb/v6-m/nofp/libnosys.a(_exit.o)
 .ARM.attributes
                0x0000000000000000       0x2c /opt/gcc-arm-none-eabi-10.3-2021.10/bin/../lib/gcc/arm-none-eabi/10.3.1/../../../../arm-none-eabi/lib/thumb/v6-m/nofp/libnosys.a(_exit.o)
 .text          0x0000000000000000        0x0 /opt/gcc-arm-none-eabi-10.3-2021.10/bin/../lib/gcc/arm-none-eabi/10.3.1/thumb/v6-m/nofp/crtend.o
 .data          0x0000000000000000        0x0 /opt/gcc-arm-none-eabi-10.3-2021.10/bin/../lib/gcc/arm-none-eabi/10.3.1/thumb/v6-m/nofp/crtend.o
 .bss           0x0000000000000000        0x0 /opt/gcc-arm-none-eabi-10.3-2021.10/bin/../lib/gcc/arm-none-eabi/10.3.1/thumb/v6-m/nofp/crtend.o
 .rodata        0x0000000000000000       0x24 /opt/gcc-arm-none-eabi-10.3-2021.10/bin/../lib/gcc/arm-none-eabi/10.3.1/thumb/v6-m/nofp/crtend.o
 .eh_frame      0x0000000000000000        0x4 /opt/gcc-arm-none-eabi-10.3-2021.10/bin/../lib/gcc/arm-none-eabi/10.3.1/thumb/v6-m/nofp/crtend.o
 .ARM.attributes
                0x0000000000000000       0x2c /opt/gcc-arm-none-eabi-10.3-2021.10/bin/../lib/gcc/arm-none-eabi/10.3.1/thumb/v6-m/nofp/crtend.o
 .text          0x0000000000000000        0x0 /opt/gcc-arm-none-eabi-10.3-2021.10/bin/../lib/gcc/arm-none-eabi/10.3.1/thumb/v6-m/nofp/crtn.o
 .data          0x0000000000000000        0x0 /opt/gcc-arm-none-eabi-10.3-2021.10/bin/../lib/gcc/arm-none-eabi/10.3.1/thumb/v6-m/nofp/crtn.o
 .bss           0x0000000000000000        0x0 /opt/gcc-arm-none-eabi-10.3-2021.10/bin/../lib/gcc/arm-none-eabi/10.3.1/thumb/v6-m/nofp/crtn.o

Memory Configuration

Name             Origin             Length             Attributes
RAM              0x000000002000138c 0x0000000000000100 xrw
FLASH            0x0000000000000000 0x000000000000f000 xr
*default*        0x0000000000000000 0xffffffffffffffff

Linker script and memory map

LOAD /opt/gcc-arm-none-eabi-10.3-2021.10/bin/../lib/gcc/arm-none-eabi/10.3.1/thumb/v6-m/nofp/crti.o
LOAD /opt/gcc-arm-none-eabi-10.3-2021.10/bin/../lib/gcc/arm-none-eabi/10.3.1/thumb/v6-m/nofp/crtbegin.o
LOAD /opt/gcc-arm-none-eabi-10.3-2021.10/bin/../lib/gcc/arm-none-eabi/10.3.1/../../../../arm-none-eabi/lib/thumb/v6-m/nofp/crt0.o
LOAD /opt/gcc-arm-none-eabi-10.3-2021.10/bin/../lib/gcc/arm-none-eabi/10.3.1/../../../../arm-none-eabi/lib/thumb/v6-m/nofp/libnosys.a
LOAD CMakeFiles/pong.dir/main.cpp.obj
LOAD CMakeFiles/pong.dir/hardware/hardware.cpp.obj
LOAD CMakeFiles/pong.dir/dp32g030.s.obj
LOAD ../orginal_fw/org_vectors.o
LOAD ../orginal_fw/org_bootloader.o
LOAD ../orginal_fw/org_fw_rest.o
LOAD ../../libs/k5_uv_system/libuv_k5_system.a
LOAD ../../libs/lcd/liblcd.a
LOAD ../../libs/k5_uv_system/libuv_k5_system.a
LOAD /opt/gcc-arm-none-eabi-10.3-2021.10/bin/../lib/gcc/arm-none-eabi/10.3.1/../../../../arm-none-eabi/lib/thumb/v6-m/nofp/libstdc++_nano.a
LOAD /opt/gcc-arm-none-eabi-10.3-2021.10/bin/../lib/gcc/arm-none-eabi/10.3.1/../../../../arm-none-eabi/lib/thumb/v6-m/nofp/libm.a
LOAD /opt/gcc-arm-none-eabi-10.3-2021.10/bin/../lib/gcc/arm-none-eabi/10.3.1/../../../../arm-none-eabi/lib/thumb/v6-m/nofp/libc_nano.a
START GROUP
LOAD /opt/gcc-arm-none-eabi-10.3-2021.10/bin/../lib/gcc/arm-none-eabi/10.3.1/thumb/v6-m/nofp/libgcc.a
LOAD /opt/gcc-arm-none-eabi-10.3-2021.10/bin/../lib/gcc/arm-none-eabi/10.3.1/../../../../arm-none-eabi/lib/thumb/v6-m/nofp/libc_nano.a
END GROUP
START GROUP
LOAD /opt/gcc-arm-none-eabi-10.3-2021.10/bin/../lib/gcc/arm-none-eabi/10.3.1/thumb/v6-m/nofp/libgcc.a
LOAD /opt/gcc-arm-none-eabi-10.3-2021.10/bin/../lib/gcc/arm-none-eabi/10.3.1/../../../../arm-none-eabi/lib/thumb/v6-m/nofp/libc_nano.a
LOAD /opt/gcc-arm-none-eabi-10.3-2021.10/bin/../lib/gcc/arm-none-eabi/10.3.1/../../../../arm-none-eabi/lib/thumb/v6-m/nofp/libnosys.a
END GROUP
START GROUP
LOAD /opt/gcc-arm-none-eabi-10.3-2021.10/bin/../lib/gcc/arm-none-eabi/10.3.1/thumb/v6-m/nofp/libgcc.a
LOAD /opt/gcc-arm-none-eabi-10.3-2021.10/bin/../lib/gcc/arm-none-eabi/10.3.1/../../../../arm-none-eabi/lib/thumb/v6-m/nofp/libc_nano.a
LOAD /opt/gcc-arm-none-eabi-10.3-2021.10/bin/../lib/gcc/arm-none-eabi/10.3.1/../../../../arm-none-eabi/lib/thumb/v6-m/nofp/libnosys.a
END GROUP
LOAD /opt/gcc-arm-none-eabi-10.3-2021.10/bin/../lib/gcc/arm-none-eabi/10.3.1/thumb/v6-m/nofp/crtend.o
LOAD /opt/gcc-arm-none-eabi-10.3-2021.10/bin/../lib/gcc/arm-none-eabi/10.3.1/thumb/v6-m/nofp/crtn.o
                0x0000000020001388                _estack = 0x20001388
                0x0000000000000000                . = 0x0

.isr_vectors    0x0000000000000000       0xc0
                0x0000000000000000                . = ALIGN (0x4)
 *(.isr_vectors)
 .isr_vectors   0x0000000000000000       0xc0 ../../libs/k5_uv_system/libuv_k5_system.a(vtable.s.obj)
                0x0000000000000000                VectorTable
                0x00000000000000c0                . = ALIGN (0x4)

.eh_frame       0x00000000000000c0        0x0
 .eh_frame      0x00000000000000c0        0x0 /opt/gcc-arm-none-eabi-10.3-2021.10/bin/../lib/gcc/arm-none-eabi/10.3.1/thumb/v6-m/nofp/crtbegin.o

.org_fw_rest    0x00000000000000c0     0xe460
                0x00000000000000c0                . = ALIGN (0x4)
 *(.org_fw_rest)
 .org_fw_rest   0x00000000000000c0     0xe460 ../orginal_fw/org_fw_rest.o
                0x00000000000000c0                _binary_org_fw_rest_bin_start
                0x000000000000e520                _binary_org_fw_rest_bin_end

.text           0x000000000000e520      0x5bc
                0x000000000000e520                . = ALIGN (0x4)
 *(.text)
 .text          0x000000000000e520       0x48 /opt/gcc-arm-none-eabi-10.3-2021.10/bin/../lib/gcc/arm-none-eabi/10.3.1/thumb/v6-m/nofp/crtbegin.o
 .text          0x000000000000e568        0xe /opt/gcc-arm-none-eabi-10.3-2021.10/bin/../lib/gcc/arm-none-eabi/10.3.1/../../../../arm-none-eabi/lib/thumb/v6-m/nofp/libc_nano.a(lib_a-strlen.o)
                0x000000000000e568                strlen
 *fill*         0x000000000000e576        0x2 
 .text          0x000000000000e578      0x114 /opt/gcc-arm-none-eabi-10.3-2021.10/bin/../lib/gcc/arm-none-eabi/10.3.1/thumb/v6-m/nofp/libgcc.a(_udivsi3.o)
                0x000000000000e578                __udivsi3
                0x000000000000e578                __aeabi_uidiv
                0x000000000000e684                __aeabi_uidivmod
 .text          0x000000000000e68c        0x4 /opt/gcc-arm-none-eabi-10.3-2021.10/bin/../lib/gcc/arm-none-eabi/10.3.1/thumb/v6-m/nofp/libgcc.a(_dvmd_tls.o)
                0x000000000000e68c                __aeabi_ldiv0
                0x000000000000e68c                __aeabi_idiv0
 *(.text*)
 .text._ZNK13TUV_K5Display8GetPixelEhh
                0x000000000000e690        0x4 CMakeFiles/pong.dir/main.cpp.obj
                0x000000000000e690                TUV_K5Display::GetPixel(unsigned char, unsigned char) const
 .text._ZNK13TUV_K5Display8SetPixelEhh
                0x000000000000e694       0x20 CMakeFiles/pong.dir/main.cpp.obj
                0x000000000000e694                TUV_K5Display::SetPixel(unsigned char, unsigned char) const
 .text._ZNK13TUV_K5Display14GetCoursorDataEt
                0x000000000000e6b4        0x6 CMakeFiles/pong.dir/main.cpp.obj
                0x000000000000e6b4                TUV_K5Display::GetCoursorData(unsigned short) const
 .text._ZNK18TUV_K5SmallNumbers8GetPixelEchh
                0x000000000000e6ba        0x4 CMakeFiles/pong.dir/main.cpp.obj
                0x000000000000e6ba                TUV_K5SmallNumbers::GetPixel(char, unsigned char, unsigned char) const
 .text._ZNK18TUV_K5SmallNumbers6GetRawEc
                0x000000000000e6be       0x22 CMakeFiles/pong.dir/main.cpp.obj
                0x000000000000e6be                TUV_K5SmallNumbers::GetRaw(char) const
 .text._ZNK18TUV_K5SmallNumbers8GetSizeXEc
                0x000000000000e6e0        0x4 CMakeFiles/pong.dir/main.cpp.obj
                0x000000000000e6e0                TUV_K5SmallNumbers::GetSizeX(char) const
 .text._ZNK18TUV_K5SmallNumbers8GetSizeYEc
                0x000000000000e6e4        0x4 CMakeFiles/pong.dir/main.cpp.obj
                0x000000000000e6e4                TUV_K5SmallNumbers::GetSizeY(char) const
 .text._ZN13TUV_K5Display8ClearAllEv
                0x000000000000e6e8       0x10 CMakeFiles/pong.dir/main.cpp.obj
                0x000000000000e6e8                TUV_K5Display::ClearAll()
 .text.Reset_Handler
                0x000000000000e6f8        0x8 CMakeFiles/pong.dir/main.cpp.obj
                0x000000000000e6f8                Reset_Handler
 .text._ZN8CDisplayIK13TUV_K5DisplayE13DrawRectangleEhhhhb
                0x000000000000e700       0xbe CMakeFiles/pong.dir/main.cpp.obj
                0x000000000000e700                CDisplay<TUV_K5Display const>::DrawRectangle(unsigned char, unsigned char, unsigned char, unsigned char, bool)
 .text._ZNK8CDisplayIK13TUV_K5DisplayE5PrintEPKc
                0x000000000000e7be       0x76 CMakeFiles/pong.dir/main.cpp.obj
                0x000000000000e7be                CDisplay<TUV_K5Display const>::Print(char const*) const
 .text._ZN6CSPong6HandleEv
                0x000000000000e834      0x12c CMakeFiles/pong.dir/main.cpp.obj
                0x000000000000e834                CSPong::Handle()
 .text.SysTick_Handler
                0x000000000000e960       0x40 CMakeFiles/pong.dir/main.cpp.obj
                0x000000000000e960                SysTick_Handler
 .text.startup._GLOBAL__sub_I_Pong
                0x000000000000e9a0       0x5c CMakeFiles/pong.dir/main.cpp.obj
 .text._ZN6System15CopyDataSectionEv
                0x000000000000e9fc       0x2c ../../libs/k5_uv_system/libuv_k5_system.a(system.cpp.obj)
                0x000000000000e9fc                System::CopyDataSection()
 .text.__libc_init_array
                0x000000000000ea28       0x48 /opt/gcc-arm-none-eabi-10.3-2021.10/bin/../lib/gcc/arm-none-eabi/10.3.1/../../../../arm-none-eabi/lib/thumb/v6-m/nofp/libc_nano.a(lib_a-init.o)
                0x000000000000ea28                __libc_init_array
 .text.memcpy   0x000000000000ea70       0x12 /opt/gcc-arm-none-eabi-10.3-2021.10/bin/../lib/gcc/arm-none-eabi/10.3.1/../../../../arm-none-eabi/lib/thumb/v6-m/nofp/libc_nano.a(lib_a-memcpy-stub.o)
                0x000000000000ea70                memcpy
 .text.memset   0x000000000000ea82       0x10 /opt/gcc-arm-none-eabi-10.3-2021.10/bin/../lib/gcc/arm-none-eabi/10.3.1/../../../../arm-none-eabi/lib/thumb/v6-m/nofp/libc_nano.a(lib_a-memset.o)
                0x000000000000ea82                memset
 *(.rodata)
 *(.rodata*)
 *fill*         0x000000000000ea92        0x2 
 .rodata._ZTV13TUV_K5Display
                0x000000000000ea94       0x18 CMakeFiles/pong.dir/main.cpp.obj
                0x000000000000ea94                vtable for TUV_K5Display
 .rodata._ZTV18TUV_K5SmallNumbers
                0x000000000000eaac       0x18 CMakeFiles/pong.dir/main.cpp.obj
                0x000000000000eaac                vtable for TUV_K5SmallNumbers
 *(.init)
 .init          0x000000000000eac4        0x4 /opt/gcc-arm-none-eabi-10.3-2021.10/bin/../lib/gcc/arm-none-eabi/10.3.1/thumb/v6-m/nofp/crti.o
                0x000000000000eac4                _init
 .init          0x000000000000eac8        0x8 /opt/gcc-arm-none-eabi-10.3-2021.10/bin/../lib/gcc/arm-none-eabi/10.3.1/thumb/v6-m/nofp/crtn.o
 *(.fini)
 .fini          0x000000000000ead0        0x4 /opt/gcc-arm-none-eabi-10.3-2021.10/bin/../lib/gcc/arm-none-eabi/10.3.1/thumb/v6-m/nofp/crti.o
                0x000000000000ead0                _fini
 .fini          0x000000000000ead4        0x8 /opt/gcc-arm-none-eabi-10.3-2021.10/bin/../lib/gcc/arm-none-eabi/10.3.1/thumb/v6-m/nofp/crtn.o
                0x000000000000eadc                . = ALIGN (0x4)

.glue_7         0x000000000000eadc        0x0
 .glue_7        0x000000000000eadc        0x0 linker stubs

.glue_7t        0x000000000000eadc        0x0
 .glue_7t       0x000000000000eadc        0x0 linker stubs

.vfp11_veneer   0x000000000000eadc        0x0
 .vfp11_veneer  0x000000000000eadc        0x0 linker stubs

.v4_bx          0x000000000000eadc        0x0
 .v4_bx         0x000000000000eadc        0x0 linker stubs

.iplt           0x000000000000eadc        0x0
 .iplt          0x000000000000eadc        0x0 /opt/gcc-arm-none-eabi-10.3-2021.10/bin/../lib/gcc/arm-none-eabi/10.3.1/thumb/v6-m/nofp/crtbegin.o

.rel.dyn        0x000000000000eadc        0x0
 .rel.iplt      0x000000000000eadc        0x0 /opt/gcc-arm-none-eabi-10.3-2021.10/bin/../lib/gcc/arm-none-eabi/10.3.1/thumb/v6-m/nofp/crtbegin.o

.preinit_array  0x000000000000eadc        0x0
                0x000000000000eadc                __preinit_array_start = .
 *(.preinit_array*)
                0x000000000000eadc                __preinit_array_end = .

.init_array     0x000000000000eadc        0x8
                0x000000000000eadc                __init_array_start = .
 *(SORT_BY_NAME(.init_array.*))
 *(.init_array*)
 .init_array    0x000000000000eadc        0x4 /opt/gcc-arm-none-eabi-10.3-2021.10/bin/../lib/gcc/arm-none-eabi/10.3.1/thumb/v6-m/nofp/crtbegin.o
 .init_array    0x000000000000eae0        0x4 CMakeFiles/pong.dir/main.cpp.obj
                0x000000000000eae4                __init_array_end = .

.fini_array     0x000000000000eae4        0x4
                [!provide]                        PROVIDE (__fini_array_start = .)
 *(SORT_BY_NAME(.fini_array.*))
 *(.fini_array*)
 .fini_array    0x000000000000eae4        0x4 /opt/gcc-arm-none-eabi-10.3-2021.10/bin/../lib/gcc/arm-none-eabi/10.3.1/thumb/v6-m/nofp/crtbegin.o
                [!provide]                        PROVIDE (__fini_array_end = .)
                0x000000000000eae8                . = ALIGN (0x4)
                0x000000000000eae8                _flash_data_start = .
                0x000000000000eae8                _sidata = LOADADDR (.data)

.data           0x000000002000138c        0x4 load address 0x000000000000eae8
                0x000000002000138c                . = ALIGN (0x4)
                0x000000002000138c                _sdata = .
 *(.data)
 *(.data*)
 .data._ZZ15SysTick_HandlerE16u32StupidCounter
                0x000000002000138c        0x4 CMakeFiles/pong.dir/main.cpp.obj
 *(.ramsection)
                0x0000000020001390                _edata = .

.igot.plt       0x0000000020001390        0x0 load address 0x000000000000eaec
 .igot.plt      0x0000000020001390        0x0 /opt/gcc-arm-none-eabi-10.3-2021.10/bin/../lib/gcc/arm-none-eabi/10.3.1/thumb/v6-m/nofp/crtbegin.o

.bss            0x0000000020001390       0x1c load address 0x000000000000eaec
                0x0000000020001390                . = ALIGN (0x4)
                0x0000000020001390                _sbss = .
 *(.bss)
 .bss           0x0000000020001390       0x1c /opt/gcc-arm-none-eabi-10.3-2021.10/bin/../lib/gcc/arm-none-eabi/10.3.1/thumb/v6-m/nofp/crtbegin.o
                0x00000000200013ac                _ebss = .
OUTPUT(pong elf32-littlearm)
LOAD linker stubs

.bss._ZZN6CSPong6HandleEvE6u32Cnt
                0x00000000200013ac        0x4 load address 0x000000000000eb08
 .bss._ZZN6CSPong6HandleEvE6u32Cnt
                0x00000000200013ac        0x4 CMakeFiles/pong.dir/main.cpp.obj
                0x00000000200013ac                CSPong::Handle()::u32Cnt

.bss.Pong       0x00000000200013b0       0x44 load address 0x000000000000eb0c
 .bss.Pong      0x00000000200013b0       0x44 CMakeFiles/pong.dir/main.cpp.obj
                0x00000000200013b0                Pong

.bss._ZZ15SysTick_HandlerE10bFirstInit
                0x00000000200013f4        0x1 load address 0x000000000000eb50
 .bss._ZZ15SysTick_HandlerE10bFirstInit
                0x00000000200013f4        0x1 CMakeFiles/pong.dir/main.cpp.obj

.ARM.attributes
                0x0000000000000000       0x28
 .ARM.attributes
                0x0000000000000000       0x1e /opt/gcc-arm-none-eabi-10.3-2021.10/bin/../lib/gcc/arm-none-eabi/10.3.1/thumb/v6-m/nofp/crti.o
 .ARM.attributes
                0x000000000000001e       0x2c /opt/gcc-arm-none-eabi-10.3-2021.10/bin/../lib/gcc/arm-none-eabi/10.3.1/thumb/v6-m/nofp/crtbegin.o
 .ARM.attributes
                0x000000000000004a       0x2c CMakeFiles/pong.dir/main.cpp.obj
 .ARM.attributes
                0x0000000000000076       0x2c ../../libs/k5_uv_system/libuv_k5_system.a(system.cpp.obj)
 .ARM.attributes
                0x00000000000000a2       0x21 ../../libs/k5_uv_system/libuv_k5_system.a(vtable.s.obj)
 .ARM.attributes
                0x00000000000000c3       0x2c /opt/gcc-arm-none-eabi-10.3-2021.10/bin/../lib/gcc/arm-none-eabi/10.3.1/../../../../arm-none-eabi/lib/thumb/v6-m/nofp/libc_nano.a(lib_a-init.o)
 .ARM.attributes
                0x00000000000000ef       0x2c /opt/gcc-arm-none-eabi-10.3-2021.10/bin/../lib/gcc/arm-none-eabi/10.3.1/../../../../arm-none-eabi/lib/thumb/v6-m/nofp/libc_nano.a(lib_a-memcpy-stub.o)
 .ARM.attributes
                0x000000000000011b       0x2c /opt/gcc-arm-none-eabi-10.3-2021.10/bin/../lib/gcc/arm-none-eabi/10.3.1/../../../../arm-none-eabi/lib/thumb/v6-m/nofp/libc_nano.a(lib_a-memset.o)
 .ARM.attributes
                0x0000000000000147       0x1c /opt/gcc-arm-none-eabi-10.3-2021.10/bin/../lib/gcc/arm-none-eabi/10.3.1/../../../../arm-none-eabi/lib/thumb/v6-m/nofp/libc_nano.a(lib_a-strlen.o)
 .ARM.attributes
                0x0000000000000163       0x1e /opt/gcc-arm-none-eabi-10.3-2021.10/bin/../lib/gcc/arm-none-eabi/10.3.1/thumb/v6-m/nofp/libgcc.a(_udivsi3.o)
 .ARM.attributes
                0x0000000000000181       0x1e /opt/gcc-arm-none-eabi-10.3-2021.10/bin/../lib/gcc/arm-none-eabi/10.3.1/thumb/v6-m/nofp/libgcc.a(_dvmd_tls.o)
 .ARM.attributes
                0x000000000000019f       0x1e /opt/gcc-arm-none-eabi-10.3-2021.10/bin/../lib/gcc/arm-none-eabi/10.3.1/thumb/v6-m/nofp/crtn.o

.comment        0x0000000000000000       0x49
 .comment       0x0000000000000000       0x49 CMakeFiles/pong.dir/main.cpp.obj
                                         0x4a (size before relaxing)
 .comment       0x0000000000000049       0x4a ../../libs/k5_uv_system/libuv_k5_system.a(system.cpp.obj)

.debug_frame    0x0000000000000000       0x94
 .debug_frame   0x0000000000000000       0x2c /opt/gcc-arm-none-eabi-10.3-2021.10/bin/../lib/gcc/arm-none-eabi/10.3.1/../../../../arm-none-eabi/lib/thumb/v6-m/nofp/libc_nano.a(lib_a-init.o)
 .debug_frame   0x000000000000002c       0x28 /opt/gcc-arm-none-eabi-10.3-2021.10/bin/../lib/gcc/arm-none-eabi/10.3.1/../../../../arm-none-eabi/lib/thumb/v6-m/nofp/libc_nano.a(lib_a-memcpy-stub.o)
 .debug_frame   0x0000000000000054       0x20 /opt/gcc-arm-none-eabi-10.3-2021.10/bin/../lib/gcc/arm-none-eabi/10.3.1/../../../../arm-none-eabi/lib/thumb/v6-m/nofp/libc_nano.a(lib_a-memset.o)
 .debug_frame   0x0000000000000074       0x20 /opt/gcc-arm-none-eabi-10.3-2021.10/bin/../lib/gcc/arm-none-eabi/10.3.1/thumb/v6-m/nofp/libgcc.a(_udivsi3.o)

Cross Reference Table

Symbol                                            File
AdcReadout                                        ../../libs/k5_uv_system/libuv_k5_system.a(api.s.obj)
AirCopy72                                         ../../libs/k5_uv_system/libuv_k5_system.a(api.s.obj)
AirCopyFskSetup                                   ../../libs/k5_uv_system/libuv_k5_system.a(api.s.obj)
BK4819ConfigureAndStartRxFsk                      ../../libs/k5_uv_system/libuv_k5_system.a(api.s.obj)
BK4819ConfigureAndStartTxFsk                      ../../libs/k5_uv_system/libuv_k5_system.a(api.s.obj)
BK4819Read                                        ../../libs/k5_uv_system/libuv_k5_system.a(api.s.obj)
BK4819Reset                                       ../../libs/k5_uv_system/libuv_k5_system.a(api.s.obj)
BK4819SetGpio                                     ../../libs/k5_uv_system/libuv_k5_system.a(api.s.obj)
BK4819SetPaGain                                   ../../libs/k5_uv_system/libuv_k5_system.a(api.s.obj)
BK4819Write                                       ../../libs/k5_uv_system/libuv_k5_system.a(api.s.obj)
BK4819WriteFrequency                              ../../libs/k5_uv_system/libuv_k5_system.a(api.s.obj)
CDisplay<TUV_K5Display const>::DrawRectangle(unsigned char, unsigned char, unsigned char, unsigned char, bool) CMakeFiles/pong.dir/main.cpp.obj
CDisplay<TUV_K5Display const>::Print(char const*) const CMakeFiles/pong.dir/main.cpp.obj
CSPong::Handle()                                  CMakeFiles/pong.dir/main.cpp.obj
CSPong::Handle()::u32Cnt                          CMakeFiles/pong.dir/main.cpp.obj
ConfigureTrimValuesFromNVR                        ../../libs/k5_uv_system/libuv_k5_system.a(api.s.obj)
DelayMs                                           ../../libs/k5_uv_system/libuv_k5_system.a(api.s.obj)
DelayUs                                           ../../libs/k5_uv_system/libuv_k5_system.a(api.s.obj)
FLASH_Init                                        ../../libs/k5_uv_system/libuv_k5_system.a(api.s.obj)
FLASH_IsBusy                                      ../../libs/k5_uv_system/libuv_k5_system.a(api.s.obj)
FLASH_IsInitBusy                                  ../../libs/k5_uv_system/libuv_k5_system.a(api.s.obj)
FLASH_Lock                                        ../../libs/k5_uv_system/libuv_k5_system.a(api.s.obj)
FLASH_MaskLock                                    ../../libs/k5_uv_system/libuv_k5_system.a(api.s.obj)
FLASH_MaskUnlock                                  ../../libs/k5_uv_system/libuv_k5_system.a(api.s.obj)
FLASH_ReadByAHB                                   ../../libs/k5_uv_system/libuv_k5_system.a(api.s.obj)
FLASH_ReadByAPB                                   ../../libs/k5_uv_system/libuv_k5_system.a(api.s.obj)
FLASH_ReadNvrWord                                 ../../libs/k5_uv_system/libuv_k5_system.a(api.s.obj)
FLASH_RebootToBootloader                          ../../libs/k5_uv_system/libuv_k5_system.a(api.s.obj)
FLASH_SetEraseTime                                ../../libs/k5_uv_system/libuv_k5_system.a(api.s.obj)
FLASH_SetMaskSel                                  ../../libs/k5_uv_system/libuv_k5_system.a(api.s.obj)
FLASH_SetMode                                     ../../libs/k5_uv_system/libuv_k5_system.a(api.s.obj)
FLASH_SetProgramTime                              ../../libs/k5_uv_system/libuv_k5_system.a(api.s.obj)
FLASH_SetReadMode                                 ../../libs/k5_uv_system/libuv_k5_system.a(api.s.obj)
FLASH_Set_NVR_SEL                                 ../../libs/k5_uv_system/libuv_k5_system.a(api.s.obj)
FLASH_Start                                       ../../libs/k5_uv_system/libuv_k5_system.a(api.s.obj)
FLASH_Unlock                                      ../../libs/k5_uv_system/libuv_k5_system.a(api.s.obj)
FLASH_WakeFromDeepSleep                           ../../libs/k5_uv_system/libuv_k5_system.a(api.s.obj)
FlushFramebufferToScreen                          ../../libs/k5_uv_system/libuv_k5_system.a(api.s.obj)
                                                  CMakeFiles/pong.dir/main.cpp.obj
FlushStatusbarBufferToScreen                      ../../libs/k5_uv_system/libuv_k5_system.a(api.s.obj)
FormatString                                      ../../libs/k5_uv_system/libuv_k5_system.a(api.s.obj)
Hardware::TFlashLight::BlinkSync(unsigned char)   CMakeFiles/pong.dir/hardware/hardware.cpp.obj
Hardware::TFlashLight::Off()                      CMakeFiles/pong.dir/hardware/hardware.cpp.obj
Hardware::TFlashLight::On()                       CMakeFiles/pong.dir/hardware/hardware.cpp.obj
Hardware::TFlashLight::Toggle()                   CMakeFiles/pong.dir/hardware/hardware.cpp.obj
Hardware::TPower::EnableDbg()                     CMakeFiles/pong.dir/hardware/hardware.cpp.obj
Hardware::TSystem::Delay(unsigned int)            CMakeFiles/pong.dir/hardware/hardware.cpp.obj
IRQ_RESET                                         ../../libs/k5_uv_system/libuv_k5_system.a(api.s.obj)
                                                  CMakeFiles/pong.dir/main.cpp.obj
IRQ_SYSTICK                                       ../../libs/k5_uv_system/libuv_k5_system.a(api.s.obj)
                                                  CMakeFiles/pong.dir/main.cpp.obj
IntDivide                                         ../../libs/k5_uv_system/libuv_k5_system.a(api.s.obj)
                                                  ../../libs/k5_uv_system/libuv_k5_system.a(system.cpp.obj)
PollKeyboard                                      ../../libs/k5_uv_system/libuv_k5_system.a(api.s.obj)
                                                  CMakeFiles/pong.dir/main.cpp.obj
Pong                                              CMakeFiles/pong.dir/main.cpp.obj
PrintFrequency                                    ../../libs/k5_uv_system/libuv_k5_system.a(api.s.obj)
PrintSmallDigits                                  ../../libs/k5_uv_system/libuv_k5_system.a(api.s.obj)
PrintTextOnScreen                                 ../../libs/k5_uv_system/libuv_k5_system.a(api.s.obj)
Reset_Handler                                     CMakeFiles/pong.dir/main.cpp.obj
                                                  ../../libs/k5_uv_system/libuv_k5_system.a(vtable.s.obj)
SomeAmStuff                                       ../../libs/k5_uv_system/libuv_k5_system.a(api.s.obj)
SysTick_Handler                                   CMakeFiles/pong.dir/main.cpp.obj
                                                  ../../libs/k5_uv_system/libuv_k5_system.a(vtable.s.obj)
System::CopyDataSection()                         ../../libs/k5_uv_system/libuv_k5_system.a(system.cpp.obj)
                                                  CMakeFiles/pong.dir/main.cpp.obj
SystemReset                                       ../../libs/k5_uv_system/libuv_k5_system.a(api.s.obj)
TUV_K5Display::ClearAll()                         CMakeFiles/pong.dir/main.cpp.obj
TUV_K5Display::GetCoursorData(unsigned short) const CMakeFiles/pong.dir/main.cpp.obj
TUV_K5Display::GetPixel(unsigned char, unsigned char) const CMakeFiles/pong.dir/main.cpp.obj
TUV_K5Display::SetPixel(unsigned char, unsigned char) const CMakeFiles/pong.dir/main.cpp.obj
TUV_K5SmallNumbers::GetPixel(char, unsigned char, unsigned char) const CMakeFiles/pong.dir/main.cpp.obj
TUV_K5SmallNumbers::GetRaw(char) const            CMakeFiles/pong.dir/main.cpp.obj
TUV_K5SmallNumbers::GetSizeX(char) const          CMakeFiles/pong.dir/main.cpp.obj
TUV_K5SmallNumbers::GetSizeY(char) const          CMakeFiles/pong.dir/main.cpp.obj
UpdateStatusBar                                   ../../libs/k5_uv_system/libuv_k5_system.a(api.s.obj)
VectorTable                                       ../../libs/k5_uv_system/libuv_k5_system.a(vtable.s.obj)
WriteSerialData                                   ../../libs/k5_uv_system/libuv_k5_system.a(api.s.obj)
__aeabi_idiv                                      /opt/gcc-arm-none-eabi-10.3-2021.10/bin/../lib/gcc/arm-none-eabi/10.3.1/thumb/v6-m/nofp/libgcc.a(_divsi3.o)
__aeabi_idiv0                                     /opt/gcc-arm-none-eabi-10.3-2021.10/bin/../lib/gcc/arm-none-eabi/10.3.1/thumb/v6-m/nofp/libgcc.a(_dvmd_tls.o)
                                                  /opt/gcc-arm-none-eabi-10.3-2021.10/bin/../lib/gcc/arm-none-eabi/10.3.1/thumb/v6-m/nofp/libgcc.a(_divsi3.o)
                                                  /opt/gcc-arm-none-eabi-10.3-2021.10/bin/../lib/gcc/arm-none-eabi/10.3.1/thumb/v6-m/nofp/libgcc.a(_udivsi3.o)
__aeabi_idivmod                                   /opt/gcc-arm-none-eabi-10.3-2021.10/bin/../lib/gcc/arm-none-eabi/10.3.1/thumb/v6-m/nofp/libgcc.a(_divsi3.o)
                                                  CMakeFiles/pong.dir/main.cpp.obj
__aeabi_ldiv0                                     /opt/gcc-arm-none-eabi-10.3-2021.10/bin/../lib/gcc/arm-none-eabi/10.3.1/thumb/v6-m/nofp/libgcc.a(_dvmd_tls.o)
__aeabi_uidiv                                     /opt/gcc-arm-none-eabi-10.3-2021.10/bin/../lib/gcc/arm-none-eabi/10.3.1/thumb/v6-m/nofp/libgcc.a(_udivsi3.o)
                                                  CMakeFiles/pong.dir/main.cpp.obj
__aeabi_uidivmod                                  /opt/gcc-arm-none-eabi-10.3-2021.10/bin/../lib/gcc/arm-none-eabi/10.3.1/thumb/v6-m/nofp/libgcc.a(_udivsi3.o)
                                                  CMakeFiles/pong.dir/main.cpp.obj
__bss_end__                                       /opt/gcc-arm-none-eabi-10.3-2021.10/bin/../lib/gcc/arm-none-eabi/10.3.1/../../../../arm-none-eabi/lib/thumb/v6-m/nofp/crt0.o
__bss_start__                                     /opt/gcc-arm-none-eabi-10.3-2021.10/bin/../lib/gcc/arm-none-eabi/10.3.1/../../../../arm-none-eabi/lib/thumb/v6-m/nofp/crt0.o
__call_exitprocs                                  /opt/gcc-arm-none-eabi-10.3-2021.10/bin/../lib/gcc/arm-none-eabi/10.3.1/../../../../arm-none-eabi/lib/thumb/v6-m/nofp/libc_nano.a(lib_a-exit.o)
__deregister_frame_info                           /opt/gcc-arm-none-eabi-10.3-2021.10/bin/../lib/gcc/arm-none-eabi/10.3.1/thumb/v6-m/nofp/crtbegin.o
__divsi3                                          /opt/gcc-arm-none-eabi-10.3-2021.10/bin/../lib/gcc/arm-none-eabi/10.3.1/thumb/v6-m/nofp/libgcc.a(_divsi3.o)
__dso_handle                                      /opt/gcc-arm-none-eabi-10.3-2021.10/bin/../lib/gcc/arm-none-eabi/10.3.1/thumb/v6-m/nofp/crtbegin.o
__init_array_end                                  /opt/gcc-arm-none-eabi-10.3-2021.10/bin/../lib/gcc/arm-none-eabi/10.3.1/../../../../arm-none-eabi/lib/thumb/v6-m/nofp/libc_nano.a(lib_a-init.o)
__init_array_start                                /opt/gcc-arm-none-eabi-10.3-2021.10/bin/../lib/gcc/arm-none-eabi/10.3.1/../../../../arm-none-eabi/lib/thumb/v6-m/nofp/libc_nano.a(lib_a-init.o)
__libc_fini_array                                 /opt/gcc-arm-none-eabi-10.3-2021.10/bin/../lib/gcc/arm-none-eabi/10.3.1/../../../../arm-none-eabi/lib/thumb/v6-m/nofp/crt0.o
__libc_init_array                                 /opt/gcc-arm-none-eabi-10.3-2021.10/bin/../lib/gcc/arm-none-eabi/10.3.1/../../../../arm-none-eabi/lib/thumb/v6-m/nofp/libc_nano.a(lib_a-init.o)
                                                  CMakeFiles/pong.dir/main.cpp.obj
                                                  /opt/gcc-arm-none-eabi-10.3-2021.10/bin/../lib/gcc/arm-none-eabi/10.3.1/../../../../arm-none-eabi/lib/thumb/v6-m/nofp/crt0.o
__preinit_array_end                               /opt/gcc-arm-none-eabi-10.3-2021.10/bin/../lib/gcc/arm-none-eabi/10.3.1/../../../../arm-none-eabi/lib/thumb/v6-m/nofp/libc_nano.a(lib_a-init.o)
__preinit_array_start                             /opt/gcc-arm-none-eabi-10.3-2021.10/bin/../lib/gcc/arm-none-eabi/10.3.1/../../../../arm-none-eabi/lib/thumb/v6-m/nofp/libc_nano.a(lib_a-init.o)
__register_frame_info                             /opt/gcc-arm-none-eabi-10.3-2021.10/bin/../lib/gcc/arm-none-eabi/10.3.1/thumb/v6-m/nofp/crtbegin.o
__sf_fake_stderr                                  /opt/gcc-arm-none-eabi-10.3-2021.10/bin/../lib/gcc/arm-none-eabi/10.3.1/../../../../arm-none-eabi/lib/thumb/v6-m/nofp/libc_nano.a(lib_a-impure.o)
__sf_fake_stdin                                   /opt/gcc-arm-none-eabi-10.3-2021.10/bin/../lib/gcc/arm-none-eabi/10.3.1/../../../../arm-none-eabi/lib/thumb/v6-m/nofp/libc_nano.a(lib_a-impure.o)
__sf_fake_stdout                                  /opt/gcc-arm-none-eabi-10.3-2021.10/bin/../lib/gcc/arm-none-eabi/10.3.1/../../../../arm-none-eabi/lib/thumb/v6-m/nofp/libc_nano.a(lib_a-impure.o)
__stack                                           /opt/gcc-arm-none-eabi-10.3-2021.10/bin/../lib/gcc/arm-none-eabi/10.3.1/../../../../arm-none-eabi/lib/thumb/v6-m/nofp/crt0.o
__udivsi3                                         /opt/gcc-arm-none-eabi-10.3-2021.10/bin/../lib/gcc/arm-none-eabi/10.3.1/thumb/v6-m/nofp/libgcc.a(_udivsi3.o)
__wrap___udivsi3                                  ../../libs/k5_uv_system/libuv_k5_system.a(system.cpp.obj)
_binary_org_bootloader_bin_end                    ../orginal_fw/org_bootloader.o
_binary_org_bootloader_bin_size                   ../orginal_fw/org_bootloader.o
_binary_org_bootloader_bin_start                  ../orginal_fw/org_bootloader.o
_binary_org_fw_rest_bin_end                       ../orginal_fw/org_fw_rest.o
_binary_org_fw_rest_bin_size                      ../orginal_fw/org_fw_rest.o
_binary_org_fw_rest_bin_start                     ../orginal_fw/org_fw_rest.o
_binary_org_vectors_bin_end                       ../orginal_fw/org_vectors.o
_binary_org_vectors_bin_size                      ../orginal_fw/org_vectors.o
_binary_org_vectors_bin_start                     ../orginal_fw/org_vectors.o
_edata                                            ../../libs/k5_uv_system/libuv_k5_system.a(system.cpp.obj)
_estack                                           ../../libs/k5_uv_system/libuv_k5_system.a(vtable.s.obj)
                                                  CMakeFiles/pong.dir/dp32g030.s.obj
_exit                                             /opt/gcc-arm-none-eabi-10.3-2021.10/bin/../lib/gcc/arm-none-eabi/10.3.1/../../../../arm-none-eabi/lib/thumb/v6-m/nofp/libnosys.a(_exit.o)
                                                  /opt/gcc-arm-none-eabi-10.3-2021.10/bin/../lib/gcc/arm-none-eabi/10.3.1/../../../../arm-none-eabi/lib/thumb/v6-m/nofp/libc_nano.a(lib_a-exit.o)
_fini                                             /opt/gcc-arm-none-eabi-10.3-2021.10/bin/../lib/gcc/arm-none-eabi/10.3.1/thumb/v6-m/nofp/crti.o
_global_impure_ptr                                /opt/gcc-arm-none-eabi-10.3-2021.10/bin/../lib/gcc/arm-none-eabi/10.3.1/../../../../arm-none-eabi/lib/thumb/v6-m/nofp/libc_nano.a(lib_a-impure.o)
                                                  /opt/gcc-arm-none-eabi-10.3-2021.10/bin/../lib/gcc/arm-none-eabi/10.3.1/../../../../arm-none-eabi/lib/thumb/v6-m/nofp/libc_nano.a(lib_a-exit.o)
_impure_ptr                                       /opt/gcc-arm-none-eabi-10.3-2021.10/bin/../lib/gcc/arm-none-eabi/10.3.1/../../../../arm-none-eabi/lib/thumb/v6-m/nofp/libc_nano.a(lib_a-impure.o)
_init                                             /opt/gcc-arm-none-eabi-10.3-2021.10/bin/../lib/gcc/arm-none-eabi/10.3.1/thumb/v6-m/nofp/crti.o
                                                  /opt/gcc-arm-none-eabi-10.3-2021.10/bin/../lib/gcc/arm-none-eabi/10.3.1/../../../../arm-none-eabi/lib/thumb/v6-m/nofp/libc_nano.a(lib_a-init.o)
_mainCRTStartup                                   /opt/gcc-arm-none-eabi-10.3-2021.10/bin/../lib/gcc/arm-none-eabi/10.3.1/../../../../arm-none-eabi/lib/thumb/v6-m/nofp/crt0.o
_sdata                                            ../../libs/k5_uv_system/libuv_k5_system.a(system.cpp.obj)
_sidata                                           ../../libs/k5_uv_system/libuv_k5_system.a(system.cpp.obj)
_stack_init                                       /opt/gcc-arm-none-eabi-10.3-2021.10/bin/../lib/gcc/arm-none-eabi/10.3.1/../../../../arm-none-eabi/lib/thumb/v6-m/nofp/crt0.o
_start                                            /opt/gcc-arm-none-eabi-10.3-2021.10/bin/../lib/gcc/arm-none-eabi/10.3.1/../../../../arm-none-eabi/lib/thumb/v6-m/nofp/crt0.o
atexit                                            /opt/gcc-arm-none-eabi-10.3-2021.10/bin/../lib/gcc/arm-none-eabi/10.3.1/../../../../arm-none-eabi/lib/thumb/v6-m/nofp/crt0.o
exit                                              /opt/gcc-arm-none-eabi-10.3-2021.10/bin/../lib/gcc/arm-none-eabi/10.3.1/../../../../arm-none-eabi/lib/thumb/v6-m/nofp/libc_nano.a(lib_a-exit.o)
                                                  /opt/gcc-arm-none-eabi-10.3-2021.10/bin/../lib/gcc/arm-none-eabi/10.3.1/../../../../arm-none-eabi/lib/thumb/v6-m/nofp/crt0.o
gDisplayBuffer                                    ../../libs/k5_uv_system/libuv_k5_system.a(api.s.obj)
                                                  CMakeFiles/pong.dir/main.cpp.obj
gFlashLightStatus                                 ../../libs/k5_uv_system/libuv_k5_system.a(api.s.obj)
gSmallDigs                                        ../../libs/k5_uv_system/libuv_k5_system.a(api.s.obj)
                                                  CMakeFiles/pong.dir/main.cpp.obj
gSmallLeters                                      ../../libs/k5_uv_system/libuv_k5_system.a(api.s.obj)
gStatusBarData                                    ../../libs/k5_uv_system/libuv_k5_system.a(api.s.obj)
gVoltage                                          ../../libs/k5_uv_system/libuv_k5_system.a(api.s.obj)
hardware_init_hook                                /opt/gcc-arm-none-eabi-10.3-2021.10/bin/../lib/gcc/arm-none-eabi/10.3.1/../../../../arm-none-eabi/lib/thumb/v6-m/nofp/crt0.o
main                                              CMakeFiles/pong.dir/main.cpp.obj
                                                  CMakeFiles/pong.dir/dp32g030.s.obj
                                                  /opt/gcc-arm-none-eabi-10.3-2021.10/bin/../lib/gcc/arm-none-eabi/10.3.1/../../../../arm-none-eabi/lib/thumb/v6-m/nofp/crt0.o
memcpy                                            /opt/gcc-arm-none-eabi-10.3-2021.10/bin/../lib/gcc/arm-none-eabi/10.3.1/../../../../arm-none-eabi/lib/thumb/v6-m/nofp/libc_nano.a(lib_a-memcpy-stub.o)
                                                  ../../libs/k5_uv_system/libuv_k5_system.a(system.cpp.obj)
                                                  CMakeFiles/pong.dir/main.cpp.obj
memset                                            /opt/gcc-arm-none-eabi-10.3-2021.10/bin/../lib/gcc/arm-none-eabi/10.3.1/../../../../arm-none-eabi/lib/thumb/v6-m/nofp/libc_nano.a(lib_a-memset.o)
                                                  CMakeFiles/pong.dir/main.cpp.obj
                                                  /opt/gcc-arm-none-eabi-10.3-2021.10/bin/../lib/gcc/arm-none-eabi/10.3.1/../../../../arm-none-eabi/lib/thumb/v6-m/nofp/crt0.o
software_init_hook                                /opt/gcc-arm-none-eabi-10.3-2021.10/bin/../lib/gcc/arm-none-eabi/10.3.1/../../../../arm-none-eabi/lib/thumb/v6-m/nofp/crt0.o
strlen                                            /opt/gcc-arm-none-eabi-10.3-2021.10/bin/../lib/gcc/arm-none-eabi/10.3.1/../../../../arm-none-eabi/lib/thumb/v6-m/nofp/libc_nano.a(lib_a-strlen.o)
                                                  CMakeFiles/pong.dir/main.cpp.obj
vtable for TUV_K5Display                          CMakeFiles/pong.dir/main.cpp.obj
vtable for TUV_K5SmallNumbers                     CMakeFiles/pong.dir/main.cpp.obj
